Starting spanning_tree with args: --nondaemon -p 26545
Starting VW with args: --span_server localhost --total 2 --node 0 --unique_id 1234 -d train-sets/0001.dat --span_server_port 26545
Starting VW with args: --span_server localhost --total 2 --node 1 --unique_id 1234 -d train-sets/0002.dat --span_server_port 26545 -f final.model
VW succeeded
VW succeeded
Running test on produced model...
Running VW with args: -d test-sets/0001.dat -i final.model -t -p cluster.predict
